[dghrayk5zwr4u.cloudfront.net/static/templates_css/main.66365ad5238d.css]
[backblue.gif]
[fade.gif]
[index.html]
[dghrayk5zwr4u.cloudfront.net/static/templates_js/main.e7effce66df7.js]
[ucarecdn.com/8a62037b-020b-424d-86ef-ba535f42d15a/favicon_icon0.png]
[ucarecdn.com/fd43233e-eb74-4bab-95ef-6a6922662429/image.png]
[ucarecdn.com/345242a4-be43-40f7-88a1-b7af9d1c1072/index.html]
[ucarecdn.com/0097f810-196c-40ca-8178-aad9df48018e/image.png]
[dghrayk5zwr4u.cloudfront.net/static/img/mockups_v2/phones/apple_iphone_11_pro_max_space_grey.png]
[attendy.unicornplatform.com/static/img/screenshots/techno_girl.jpg]
[attendy.unicornplatform.com/static/img/screenshots/star_guy.jpg]
[dghrayk5zwr4u.cloudfront.net/static/img/twemoji/1f6f4.svg]
[dghrayk5zwr4u.cloudfront.net/static/img/twemoji/1f5a5.svg]
[dghrayk5zwr4u.cloudfront.net/static/img/twemoji/1f4bc.svg]
[attendy.unicornplatform.com/static/img/logos/companies/intercom.svg]
[attendy.unicornplatform.com/static/img/logos/companies/instacart.svg]
[dghrayk5zwr4u.cloudfront.net/static/img/icons/corner-top--blue.svg]
[dghrayk5zwr4u.cloudfront.net/static/img/twemoji/1f914.svg]
[dghrayk5zwr4u.cloudfront.net/static/img/icons/social/black/twitter.svg]
[dghrayk5zwr4u.cloudfront.net/static/img/icons/social/black/instagram.svg]
[dghrayk5zwr4u.cloudfront.net/static/img/icons/social/black/telegram.svg]
[dghrayk5zwr4u.cloudfront.net/static/img/icons/social/white/twitter.svg]
[dghrayk5zwr4u.cloudfront.net/static/img/icons/social/white/product-hunt.svg]
[app.unicornplatform.com/static/img/logos/unicorn-platform-logo.svg]
[attendy.unicornplatform.com/index.html]
[fonts.googleapis.com/cssfcc9.css]
[attendy.unicornplatform.com/{'type'_ 'abstractIcon', 'emojiSrc'_ '1f381.html]
[attendy.unicornplatform.com/{'type'_ 'abstractIcon', 'emojiSrc'_ '1f381-2.html]
[attendy.unicornplatform.com/{'type'_ 'abstractIcon', 'emojiSrc'_ '1f381-3.html]
[attendy.unicornplatform.com/{'type'_ 'abstractIcon', 'emojiSrc'_ '1f381-4.html]
[attendy.unicornplatform.com/download/index.html]
[ucarecdn.com/345242a4-be43-40f7-88a1-b7af9d1c1072/index.html]
[attendy.unicornplatform.com/static/img/screenshots/techno_girl.jpg]
[dghrayk5zwr4u.cloudfront.net/static/img/other/white-waves.8fbe13fbd386.svg]
[attendy.unicornplatform.com/static/img/screenshots/star_guy.jpg]
[dghrayk5zwr4u.cloudfront.net/static/img/icons/view--white.3698874f7421.svg]
[dghrayk5zwr4u.cloudfront.net/static/img/other/cloud_arrow.e1e77f60cc40.svg]
[ucarecdn.com/025437a2-67cb-4f19-aa9c-4c10a874fdee/Uploading.jpg]
[dghrayk5zwr4u.cloudfront.net/static/templates_css/main.66365ad5238d.css]
[attendy.unicornplatform.com/download/index.html]
[dghrayk5zwr4u.cloudfront.net/static/img/twemoji/1f6f4.svg]
[dghrayk5zwr4u.cloudfront.net/static/img/twemoji/1f5a5.svg]
[dghrayk5zwr4u.cloudfront.net/static/img/twemoji/1f4bc.svg]
[attendy.unicornplatform.com/static/img/logos/companies/intercom.svg]
[attendy.unicornplatform.com/static/img/logos/companies/instacart.svg]
[dghrayk5zwr4u.cloudfront.net/static/img/icons/corner-top--blue.svg]
[dghrayk5zwr4u.cloudfront.net/static/img/twemoji/1f914.svg]
[dghrayk5zwr4u.cloudfront.net/static/img/icons/social/black/twitter.svg]
[dghrayk5zwr4u.cloudfront.net/static/img/icons/social/black/instagram.svg]
[dghrayk5zwr4u.cloudfront.net/static/img/icons/social/black/telegram.svg]
[dghrayk5zwr4u.cloudfront.net/static/img/icons/social/white/twitter.svg]
[dghrayk5zwr4u.cloudfront.net/static/img/icons/social/white/product-hunt.svg]
[app.unicornplatform.com/static/img/logos/unicorn-platform-logo.svg]
[dghrayk5zwr4u.cloudfront.net/static/img/other/white-waves.8fbe13fbd386.svg]
[dghrayk5zwr4u.cloudfront.net/static/img/icons/view--white.3698874f7421.svg]
[dghrayk5zwr4u.cloudfront.net/static/img/other/cloud_arrow.e1e77f60cc40.svg]
