[dghrayk5zwr4u.cloudfront.net/static/templates_css/main.79b90e7b5990.css]
[backblue.gif]
[fade.gif]
[index.html]
[dghrayk5zwr4u.cloudfront.net/static/templates_js/main.b745c938d90e.js]
[ucarecdn.com/8a62037b-020b-424d-86ef-ba535f42d15a/favicon_icon0.png]
[ucarecdn.com/345242a4-be43-40f7-88a1-b7af9d1c1072/index.html]
[ucarecdn.com/b65f4891-760b-4aea-b275-3a19522ec121/image.png]
[dghrayk5zwr4u.cloudfront.net/static/img/icons/social/white/twitter.svg]
[dghrayk5zwr4u.cloudfront.net/static/img/icons/social/white/product-hunt.svg]
[app.unicornplatform.com/static/img/logos/unicorn-platform-logo.svg]
[attendy.unicornplatform.com/index.html]
[fonts.googleapis.com/cssfcc9.css]
[attendy.unicornplatform.com/about-us/index.html]
[attendy.unicornplatform.com/sign-up/index.html]
[attendy.unicornplatform.com/product/index.html]
[ucarecdn.com/8a62037b-020b-424d-86ef-ba535f42d15a/favicon_icon0.png]
[ucarecdn.com/345242a4-be43-40f7-88a1-b7af9d1c1072/index.html]
[dghrayk5zwr4u.cloudfront.net/static/img/other/white-waves.8fbe13fbd386.svg]
[dghrayk5zwr4u.cloudfront.net/static/img/icons/view--white.3698874f7421.svg]
[dghrayk5zwr4u.cloudfront.net/static/img/other/cloud_arrow.e1e77f60cc40.svg]
[ucarecdn.com/025437a2-67cb-4f19-aa9c-4c10a874fdee/Uploading.jpg]
[dghrayk5zwr4u.cloudfront.net/static/templates_css/main.79b90e7b5990.css]
[attendy.unicornplatform.com/about-us/index.html]
[dghrayk5zwr4u.cloudfront.net/static/img/icons/social/white/twitter.svg]
[dghrayk5zwr4u.cloudfront.net/static/img/icons/social/white/product-hunt.svg]
[app.unicornplatform.com/static/img/logos/unicorn-platform-logo.svg]
[dghrayk5zwr4u.cloudfront.net/static/img/other/white-waves.8fbe13fbd386.svg]
[dghrayk5zwr4u.cloudfront.net/static/img/icons/view--white.3698874f7421.svg]
[dghrayk5zwr4u.cloudfront.net/static/img/other/cloud_arrow.e1e77f60cc40.svg]
